// Jest Snapshot v1, https://goo.gl/fbAQLP

exports[`WeatherForm should render correctly 1`] = `
<Connect(Form(WeatherForm))
  destroyOnUnmount={true}
  enableReinitialize={false}
  forceUnregisterOnUnmount={false}
  form="weather"
  getFormState={[Function]}
  getWeather={[Function]}
  keepDirtyOnReinitialize={false}
  persistentSubmitErrors={false}
  pure={true}
  shouldAsyncValidate={[Function]}
  shouldError={[Function]}
  shouldValidate={[Function]}
  shouldWarn={[Function]}
  touchOnBlur={true}
  touchOnChange={false}
/>
`;
